Archive member included because of file (symbol)

/usr/lib/gcc/avr/4.3.4/avr6/libgcc.a(_exit.o)
                              /usr/lib/gcc/avr/4.3.4/../../../avr/lib/avr6/crtm2560.o (exit)
/usr/lib/gcc/avr/4.3.4/avr6/libgcc.a(_clear_bss.o)
                              ./api.o (__do_clear_bss)
/usr/lib/gcc/avr/4.3.4/avr6/libgcc.a(_fixunssfsi.o)
                              ./port.o (__fixunssfsi)
/usr/lib/gcc/avr/4.3.4/avr6/libgcc.a(_addsub_sf.o)
                              /usr/lib/gcc/avr/4.3.4/avr6/libgcc.a(_fixunssfsi.o) (__subsf3)
/usr/lib/gcc/avr/4.3.4/avr6/libgcc.a(_mul_sf.o)
                              ./port.o (__mulsf3)
/usr/lib/gcc/avr/4.3.4/avr6/libgcc.a(_div_sf.o)
                              ./port.o (__divsf3)
/usr/lib/gcc/avr/4.3.4/avr6/libgcc.a(_ge_sf.o)
                              /usr/lib/gcc/avr/4.3.4/avr6/libgcc.a(_fixunssfsi.o) (__gesf2)
/usr/lib/gcc/avr/4.3.4/avr6/libgcc.a(_sf_to_si.o)
                              /usr/lib/gcc/avr/4.3.4/avr6/libgcc.a(_fixunssfsi.o) (__fixsfsi)
/usr/lib/gcc/avr/4.3.4/avr6/libgcc.a(_thenan_sf.o)
                              /usr/lib/gcc/avr/4.3.4/avr6/libgcc.a(_addsub_sf.o) (__thenan_sf)
/usr/lib/gcc/avr/4.3.4/avr6/libgcc.a(_prologue.o)
                              /usr/lib/gcc/avr/4.3.4/avr6/libgcc.a(_addsub_sf.o) (__prologue_saves__)
/usr/lib/gcc/avr/4.3.4/avr6/libgcc.a(_epilogue.o)
                              /usr/lib/gcc/avr/4.3.4/avr6/libgcc.a(_addsub_sf.o) (__epilogue_restores__)
/usr/lib/gcc/avr/4.3.4/avr6/libgcc.a(_pack_sf.o)
                              /usr/lib/gcc/avr/4.3.4/avr6/libgcc.a(_addsub_sf.o) (__pack_f)
/usr/lib/gcc/avr/4.3.4/avr6/libgcc.a(_unpack_sf.o)
                              /usr/lib/gcc/avr/4.3.4/avr6/libgcc.a(_addsub_sf.o) (__unpack_f)
/usr/lib/gcc/avr/4.3.4/avr6/libgcc.a(_fpcmp_parts_sf.o)
                              /usr/lib/gcc/avr/4.3.4/avr6/libgcc.a(_ge_sf.o) (__fpcmp_parts_f)
/usr/lib/gcc/avr/4.3.4/../../../avr/lib/avr6/libc.a(malloc.o)
                              ./port.o (malloc)

Allocating common symbols
Common symbol       size              file

sched_env           0x2               ./core.o
WDTTask             0x2               ./core.o
LEDTask             0x2               ./core.o
SchedTask           0x2               ./core.o
ctx_sw_res          0x1               ./core.o
__brkval            0x2               /usr/lib/gcc/avr/4.3.4/../../../avr/lib/avr6/libc.a(malloc.o)
message             0x2               ./core.o
lockvar             0x1               ./core.o
DbnceBtnTask        0x2               ./core.o
BtnTask             0x2               ./core.o
cur_stk_ptr         0x2               ./core.o
__flp               0x2               /usr/lib/gcc/avr/4.3.4/../../../avr/lib/avr6/libc.a(malloc.o)
led_dly_time        0x4               ./api.o
task_list           0x6               ./core.o

Memory Configuration

Name             Origin             Length             Attributes
text             0x00000000         0x00100000         xr
data             0x00800200         0x0000fe00         rw !x
eeprom           0x00810000         0x00010000         rw !x
fuse             0x00820000         0x00000400         rw !x
lock             0x00830000         0x00000400         rw !x
signature        0x00840000         0x00000400         rw !x
*default*        0x00000000         0xffffffff

Linker script and memory map

Address of section .data set to 0x800200
LOAD /usr/lib/gcc/avr/4.3.4/../../../avr/lib/avr6/crtm2560.o
LOAD ./api.o
LOAD ./core.o
LOAD ./main.o
LOAD ./port.o
LOAD /usr/lib/gcc/avr/4.3.4/avr6/libgcc.a
LOAD /usr/lib/gcc/avr/4.3.4/../../../avr/lib/avr6/libc.a
LOAD /usr/lib/gcc/avr/4.3.4/avr6/libgcc.a

.hash
 *(.hash)

.dynsym
 *(.dynsym)

.dynstr
 *(.dynstr)

.gnu.version
 *(.gnu.version)

.gnu.version_d
 *(.gnu.version_d)

.gnu.version_r
 *(.gnu.version_r)

.rel.init
 *(.rel.init)

.rela.init
 *(.rela.init)

.rel.text
 *(.rel.text)
 *(.rel.text.*)
 *(.rel.gnu.linkonce.t*)

.rela.text
 *(.rela.text)
 *(.rela.text.*)
 *(.rela.gnu.linkonce.t*)

.rel.fini
 *(.rel.fini)

.rela.fini
 *(.rela.fini)

.rel.rodata
 *(.rel.rodata)
 *(.rel.rodata.*)
 *(.rel.gnu.linkonce.r*)

.rela.rodata
 *(.rela.rodata)
 *(.rela.rodata.*)
 *(.rela.gnu.linkonce.r*)

.rel.data
 *(.rel.data)
 *(.rel.data.*)
 *(.rel.gnu.linkonce.d*)

.rela.data
 *(.rela.data)
 *(.rela.data.*)
 *(.rela.gnu.linkonce.d*)

.rel.ctors
 *(.rel.ctors)

.rela.ctors
 *(.rela.ctors)

.rel.dtors
 *(.rel.dtors)

.rela.dtors
 *(.rela.dtors)

.rel.got
 *(.rel.got)

.rela.got
 *(.rela.got)

.rel.bss
 *(.rel.bss)

.rela.bss
 *(.rela.bss)

.rel.plt
 *(.rel.plt)

.rela.plt
 *(.rela.plt)

.text           0x00000000     0x2354
 *(.vectors)
 .vectors       0x00000000       0xe4 /usr/lib/gcc/avr/4.3.4/../../../avr/lib/avr6/crtm2560.o
                0x00000000                __vectors
 *(.vectors)
 *(.progmem.gcc*)
 *(.progmem*)
                0x000000e4                . = ALIGN (0x2)
                0x000000e4                __trampolines_start = .
 *(.trampolines)
 .trampolines   0x000000e4        0x0 linker stubs
 *(.trampolines*)
                0x000000e4                __trampolines_end = .
 *(.jumptables)
 *(.jumptables*)
 *(.lowtext)
 *(.lowtext*)
                0x000000e4                __ctors_start = .
 *(.ctors)
                0x000000e4                __ctors_end = .
                0x000000e4                __dtors_start = .
 *(.dtors)
                0x000000e4                __dtors_end = .
 SORT(*)(.ctors)
 SORT(*)(.dtors)
 *(.init0)
 .init0         0x000000e4        0x0 /usr/lib/gcc/avr/4.3.4/../../../avr/lib/avr6/crtm2560.o
                0x000000e4                __init
 *(.init0)
 *(.init1)
 *(.init1)
 *(.init2)
 .init2         0x000000e4       0x10 /usr/lib/gcc/avr/4.3.4/../../../avr/lib/avr6/crtm2560.o
 *(.init2)
 *(.init3)
 *(.init3)
 *(.init4)
 .init4         0x000000f4       0x1a /usr/lib/gcc/avr/4.3.4/../../../avr/lib/avr6/crtm2560.o
                0x000000f4                __do_copy_data
 .init4         0x0000010e       0x10 /usr/lib/gcc/avr/4.3.4/avr6/libgcc.a(_clear_bss.o)
                0x0000010e                __do_clear_bss
 *(.init4)
 *(.init5)
 *(.init5)
 *(.init6)
 *(.init6)
 *(.init7)
 *(.init7)
 *(.init8)
 *(.init8)
 *(.init9)
 .init9         0x0000011e        0x8 /usr/lib/gcc/avr/4.3.4/../../../avr/lib/avr6/crtm2560.o
 *(.init9)
 *(.text)
 .text          0x00000126        0x4 /usr/lib/gcc/avr/4.3.4/../../../avr/lib/avr6/crtm2560.o
                0x00000126                __vector_38
                0x00000126                __vector_22
                0x00000126                __vector_28
                0x00000126                __vector_32
                0x00000126                __vector_34
                0x00000126                __vector_24
                0x00000126                __vector_55
                0x00000126                __vector_46
                0x00000126                __bad_interrupt
                0x00000126                __vector_31
                0x00000126                __vector_35
                0x00000126                __vector_39
                0x00000126                __vector_30
                0x00000126                __vector_45
                0x00000126                __vector_25
                0x00000126                __vector_11
                0x00000126                __vector_54
                0x00000126                __vector_13
                0x00000126                __vector_17
                0x00000126                __vector_19
                0x00000126                __vector_56
                0x00000126                __vector_49
                0x00000126                __vector_41
                0x00000126                __vector_43
                0x00000126                __vector_27
                0x00000126                __vector_33
                0x00000126                __vector_47
                0x00000126                __vector_52
                0x00000126                __vector_37
                0x00000126                __vector_44
                0x00000126                __vector_51
                0x00000126                __vector_9
                0x00000126                __vector_21
                0x00000126                __vector_36
                0x00000126                __vector_29
                0x00000126                __vector_40
                0x00000126                __vector_26
                0x00000126                __vector_48
                0x00000126                __vector_14
                0x00000126                __vector_53
                0x00000126                __vector_10
                0x00000126                __vector_50
                0x00000126                __vector_16
                0x00000126                __vector_18
                0x00000126                __vector_42
 .text          0x0000012a       0x3a ./api.o
                0x0000012a                setLedDlyTime
 .text          0x00000164      0x9bc ./core.o
                0x00000164                signal
                0x0000019c                wait_sched
                0x00000200                wait
                0x000003a2                init_task
                0x0000047c                delete_task
                0x000004c6                acquire_lock
                0x00000510                unlock
                0x0000052a                reset_task
                0x0000058e                send_msg
                0x00000606                button_pushed_task
                0x000006a2                start_sched
                0x00000744                sched_task
                0x0000088e                LED_cycle_task
                0x00000a16                WDT_LED_cycle_task
 .text          0x00000b20       0x22 ./main.o
                0x00000b20                main
 .text          0x00000b42      0xa4a ./port.o
                0x00000b42                debounce_timer_init
                0x00000b98                btn_interrupt_init
                0x00000c0c                task_sched_tmr_init
                0x00000c6a                led_ports_init
                0x00000d42                watchdog_init
                0x00000daa                init_hardware
                0x00000dce                longjmp
                0x00000e3c                setjmp
                0x00000ebe                allocate_mem
                0x00000ee0                deallocate_mem
                0x00000f06                __vector_1
                0x00000f98                __vector_2
                0x0000102e                __vector_3
                0x000010c4                __vector_4
                0x0000115a                __vector_5
                0x000011f0                __vector_6
                0x00001286                __vector_7
                0x0000131c                __vector_8
                0x000013b2                __vector_23
                0x00001414                __vector_15
                0x00001478                __vector_20
                0x000014dc                __vector_12
                0x00001540                __vector_default
 .text          0x0000158c        0x0 /usr/lib/gcc/avr/4.3.4/avr6/libgcc.a(_exit.o)
 .text          0x0000158c        0x0 /usr/lib/gcc/avr/4.3.4/avr6/libgcc.a(_clear_bss.o)
 .text          0x0000158c       0x58 /usr/lib/gcc/avr/4.3.4/avr6/libgcc.a(_fixunssfsi.o)
                0x0000158c                __fixunssfsi
 .text          0x000015e4      0x354 /usr/lib/gcc/avr/4.3.4/avr6/libgcc.a(_addsub_sf.o)
                0x0000187c                __subsf3
                0x000018de                __addsf3
 .text          0x00001938      0x1f4 /usr/lib/gcc/avr/4.3.4/avr6/libgcc.a(_mul_sf.o)
                0x00001938                __mulsf3
 .text          0x00001b2c      0x158 /usr/lib/gcc/avr/4.3.4/avr6/libgcc.a(_div_sf.o)
                0x00001b2c                __divsf3
 .text          0x00001c84       0x60 /usr/lib/gcc/avr/4.3.4/avr6/libgcc.a(_ge_sf.o)
                0x00001c84                __gesf2
 .text          0x00001ce4       0xa8 /usr/lib/gcc/avr/4.3.4/avr6/libgcc.a(_sf_to_si.o)
                0x00001ce4                __fixsfsi
 .text          0x00001d8c        0x0 /usr/lib/gcc/avr/4.3.4/avr6/libgcc.a(_thenan_sf.o)
 .text          0x00001d8c        0x0 /usr/lib/gcc/avr/4.3.4/avr6/libgcc.a(_prologue.o)
 .text          0x00001d8c        0x0 /usr/lib/gcc/avr/4.3.4/avr6/libgcc.a(_epilogue.o)
 .text          0x00001d8c      0x1aa /usr/lib/gcc/avr/4.3.4/avr6/libgcc.a(_pack_sf.o)
                0x00001d8c                __pack_f
 .text          0x00001f36       0xf0 /usr/lib/gcc/avr/4.3.4/avr6/libgcc.a(_unpack_sf.o)
                0x00001f36                __unpack_f
 .text          0x00002026       0xb2 /usr/lib/gcc/avr/4.3.4/avr6/libgcc.a(_fpcmp_parts_sf.o)
                0x00002026                __fpcmp_parts_f
 .text          0x000020d8        0x0 /usr/lib/gcc/avr/4.3.4/../../../avr/lib/avr6/libc.a(malloc.o)
                0x000020d8                . = ALIGN (0x2)
 *(.text.*)
 .text.libgcc   0x000020d8        0x0 /usr/lib/gcc/avr/4.3.4/avr6/libgcc.a(_exit.o)
 .text.libgcc   0x000020d8        0x0 /usr/lib/gcc/avr/4.3.4/avr6/libgcc.a(_clear_bss.o)
 .text.libgcc   0x000020d8       0x38 /usr/lib/gcc/avr/4.3.4/avr6/libgcc.a(_prologue.o)
                0x000020d8                __prologue_saves__
 .text.libgcc   0x00002110       0x36 /usr/lib/gcc/avr/4.3.4/avr6/libgcc.a(_epilogue.o)
                0x00002110                __epilogue_restores__
 .text.avr-libc
                0x00002146      0x20a /usr/lib/gcc/avr/4.3.4/../../../avr/lib/avr6/libc.a(malloc.o)
                0x00002146                malloc
                0x000022a0                free
                0x00002350                . = ALIGN (0x2)
 *(.fini9)
 .fini9         0x00002350        0x0 /usr/lib/gcc/avr/4.3.4/avr6/libgcc.a(_exit.o)
                0x00002350                exit
                0x00002350                _exit
 *(.fini9)
 *(.fini8)
 *(.fini8)
 *(.fini7)
 *(.fini7)
 *(.fini6)
 *(.fini6)
 *(.fini5)
 *(.fini5)
 *(.fini4)
 *(.fini4)
 *(.fini3)
 *(.fini3)
 *(.fini2)
 *(.fini2)
 *(.fini1)
 *(.fini1)
 *(.fini0)
 .fini0         0x00002350        0x4 /usr/lib/gcc/avr/4.3.4/avr6/libgcc.a(_exit.o)
 *(.fini0)
                0x00002354                _etext = .

.data           0x00800200        0xe load address 0x00002354
                0x00800200                PROVIDE (__data_start, .)
 *(.data)
 .data          0x00800200        0x0 /usr/lib/gcc/avr/4.3.4/../../../avr/lib/avr6/crtm2560.o
 .data          0x00800200        0x0 ./api.o
 .data          0x00800200        0x0 ./core.o
 .data          0x00800200        0x0 ./main.o
 .data          0x00800200        0x0 ./port.o
 .data          0x00800200        0x0 /usr/lib/gcc/avr/4.3.4/avr6/libgcc.a(_exit.o)
 .data          0x00800200        0x0 /usr/lib/gcc/avr/4.3.4/avr6/libgcc.a(_clear_bss.o)
 .data          0x00800200        0x0 /usr/lib/gcc/avr/4.3.4/avr6/libgcc.a(_fixunssfsi.o)
 .data          0x00800200        0x0 /usr/lib/gcc/avr/4.3.4/avr6/libgcc.a(_addsub_sf.o)
 .data          0x00800200        0x0 /usr/lib/gcc/avr/4.3.4/avr6/libgcc.a(_mul_sf.o)
 .data          0x00800200        0x0 /usr/lib/gcc/avr/4.3.4/avr6/libgcc.a(_div_sf.o)
 .data          0x00800200        0x0 /usr/lib/gcc/avr/4.3.4/avr6/libgcc.a(_ge_sf.o)
 .data          0x00800200        0x0 /usr/lib/gcc/avr/4.3.4/avr6/libgcc.a(_sf_to_si.o)
 .data          0x00800200        0x8 /usr/lib/gcc/avr/4.3.4/avr6/libgcc.a(_thenan_sf.o)
                0x00800200                __thenan_sf
 .data          0x00800208        0x0 /usr/lib/gcc/avr/4.3.4/avr6/libgcc.a(_prologue.o)
 .data          0x00800208        0x0 /usr/lib/gcc/avr/4.3.4/avr6/libgcc.a(_epilogue.o)
 .data          0x00800208        0x0 /usr/lib/gcc/avr/4.3.4/avr6/libgcc.a(_pack_sf.o)
 .data          0x00800208        0x0 /usr/lib/gcc/avr/4.3.4/avr6/libgcc.a(_unpack_sf.o)
 .data          0x00800208        0x0 /usr/lib/gcc/avr/4.3.4/avr6/libgcc.a(_fpcmp_parts_sf.o)
 .data          0x00800208        0x6 /usr/lib/gcc/avr/4.3.4/../../../avr/lib/avr6/libc.a(malloc.o)
                0x00800208                __malloc_margin
                0x0080020a                __malloc_heap_start
                0x0080020c                __malloc_heap_end
 *(.data*)
 *(.rodata)
 *(.rodata*)
 *(.gnu.linkonce.d*)
                0x0080020e                . = ALIGN (0x2)
                0x0080020e                _edata = .
                0x0080020e                PROVIDE (__data_end, .)

.bss            0x0080020e       0x24
                0x0080020e                PROVIDE (__bss_start, .)
 *(.bss)
 .bss           0x0080020e        0x0 /usr/lib/gcc/avr/4.3.4/../../../avr/lib/avr6/crtm2560.o
 .bss           0x0080020e        0x0 ./api.o
 .bss           0x0080020e        0x2 ./core.o
 .bss           0x00800210        0x0 ./main.o
 .bss           0x00800210        0x2 ./port.o
 .bss           0x00800212        0x0 /usr/lib/gcc/avr/4.3.4/avr6/libgcc.a(_exit.o)
 .bss           0x00800212        0x0 /usr/lib/gcc/avr/4.3.4/avr6/libgcc.a(_clear_bss.o)
 .bss           0x00800212        0x0 /usr/lib/gcc/avr/4.3.4/avr6/libgcc.a(_fixunssfsi.o)
 .bss           0x00800212        0x0 /usr/lib/gcc/avr/4.3.4/avr6/libgcc.a(_addsub_sf.o)
 .bss           0x00800212        0x0 /usr/lib/gcc/avr/4.3.4/avr6/libgcc.a(_mul_sf.o)
 .bss           0x00800212        0x0 /usr/lib/gcc/avr/4.3.4/avr6/libgcc.a(_div_sf.o)
 .bss           0x00800212        0x0 /usr/lib/gcc/avr/4.3.4/avr6/libgcc.a(_ge_sf.o)
 .bss           0x00800212        0x0 /usr/lib/gcc/avr/4.3.4/avr6/libgcc.a(_sf_to_si.o)
 .bss           0x00800212        0x0 /usr/lib/gcc/avr/4.3.4/avr6/libgcc.a(_thenan_sf.o)
 .bss           0x00800212        0x0 /usr/lib/gcc/avr/4.3.4/avr6/libgcc.a(_prologue.o)
 .bss           0x00800212        0x0 /usr/lib/gcc/avr/4.3.4/avr6/libgcc.a(_epilogue.o)
 .bss           0x00800212        0x0 /usr/lib/gcc/avr/4.3.4/avr6/libgcc.a(_pack_sf.o)
 .bss           0x00800212        0x0 /usr/lib/gcc/avr/4.3.4/avr6/libgcc.a(_unpack_sf.o)
 .bss           0x00800212        0x0 /usr/lib/gcc/avr/4.3.4/avr6/libgcc.a(_fpcmp_parts_sf.o)
 .bss           0x00800212        0x0 /usr/lib/gcc/avr/4.3.4/../../../avr/lib/avr6/libc.a(malloc.o)
 *(.bss*)
 *(COMMON)
 COMMON         0x00800212        0x4 ./api.o
                0x00800212                led_dly_time
 COMMON         0x00800216       0x18 ./core.o
                0x00800216                sched_env
                0x00800218                WDTTask
                0x0080021a                LEDTask
                0x0080021c                SchedTask
                0x0080021e                ctx_sw_res
                0x0080021f                message
                0x00800221                lockvar
                0x00800222                DbnceBtnTask
                0x00800224                BtnTask
                0x00800226                cur_stk_ptr
                0x00800228                task_list
 COMMON         0x0080022e        0x4 /usr/lib/gcc/avr/4.3.4/../../../avr/lib/avr6/libc.a(malloc.o)
                0x0080022e                __brkval
                0x00800230                __flp
                0x00800232                PROVIDE (__bss_end, .)
                0x00002354                __data_load_start = LOADADDR (.data)
                0x00002362                __data_load_end = (__data_load_start + SIZEOF (.data))

.noinit         0x00800232        0x0
                0x00800232                PROVIDE (__noinit_start, .)
 *(.noinit*)
                0x00800232                PROVIDE (__noinit_end, .)
                0x00800232                _end = .
                0x00800232                PROVIDE (__heap_start, .)

.eeprom         0x00810000        0x0
 *(.eeprom*)
                0x00810000                __eeprom_end = .

.fuse
 *(.fuse)
 *(.lfuse)
 *(.hfuse)
 *(.efuse)

.lock
 *(.lock*)

.signature
 *(.signature*)

.stab           0x00000000     0x25bc
 *(.stab)
 .stab          0x00000000      0x768 /usr/lib/gcc/avr/4.3.4/../../../avr/lib/avr6/crtm2560.o
 .stab          0x00000768      0x120 ./api.o
                                0x12c (size before relaxing)
 .stab          0x00000888      0xbac ./core.o
                                0xbb8 (size before relaxing)
 .stab          0x00001434      0x12c ./main.o
                                0x138 (size before relaxing)
 .stab          0x00001560      0x990 ./port.o
                                0x9cc (size before relaxing)
 .stab          0x00001ef0      0x6cc /usr/lib/gcc/avr/4.3.4/../../../avr/lib/avr6/libc.a(malloc.o)
                                0x6fc (size before relaxing)

.stabstr        0x00000000     0x129a
 *(.stabstr)
 .stabstr       0x00000000     0x129a /usr/lib/gcc/avr/4.3.4/../../../avr/lib/avr6/crtm2560.o

.stab.excl
 *(.stab.excl)

.stab.exclstr
 *(.stab.exclstr)

.stab.index
 *(.stab.index)

.stab.indexstr
 *(.stab.indexstr)

.comment
 *(.comment)

.debug
 *(.debug)

.line
 *(.line)

.debug_srcinfo
 *(.debug_srcinfo)

.debug_sfnames
 *(.debug_sfnames)

.debug_aranges
 *(.debug_aranges)

.debug_pubnames
 *(.debug_pubnames)

.debug_info
 *(.debug_info)
 *(.gnu.linkonce.wi.*)

.debug_abbrev
 *(.debug_abbrev)

.debug_line
 *(.debug_line)

.debug_frame
 *(.debug_frame)

.debug_str
 *(.debug_str)

.debug_loc
 *(.debug_loc)

.debug_macinfo
 *(.debug_macinfo)
OUTPUT(portable_device_drivers.elf elf32-avr)
LOAD linker stubs
